// Jest Snapshot v1, https://goo.gl/fbAQLP

exports[`<Figure /> renders figure unchanged 1`] = `
{
  "asFragment": [Function],
  "baseElement": <body>
    <div>
      <figure
        class="imageFirst  bottomBorder "
      >
        <img
          alt="some alt text"
          class="img  "
          data-nimg="1"
          decoding="async"
          height="40"
          loading="lazy"
          src="/_next/image?url=%2Fimg.jpg&w=96&q=75"
          srcset="/_next/image?url=%2Fimg.jpg&w=48&q=75 1x, /_next/image?url=%2Fimg.jpg&w=96&q=75 2x"
          style="color: transparent;"
          width="40"
        />
        <dialog
          class="dialog"
          data-testid="dialog"
        >
          <form
            method="dialog"
          >
            <button
              class="dialogClose"
              type="submit"
            >
              <svg
                class="dialogCloseButton"
                fill="none"
                height="40"
                viewBox="0 0 40 40"
                width="40"
                xmlns="http://www.w3.org/2000/svg"
              >
                <circle
                  cx="20"
                  cy="20"
                  fill="#333333"
                  r="20"
                />
                <path
                  d="M19.778 18.364L26.142 12L27.556 13.414L21.192 19.778L27.556 26.142L26.142 27.556L19.778 21.192L13.414 27.556L12 26.142L18.364 19.778L12 13.414L13.414 12L19.778 18.364Z"
                  fill="white"
                />
              </svg>
            </button>
            <img
              alt="some alt text"
              class="dialogImage"
              data-nimg="1"
              data-testid="modal-image"
              decoding="async"
              height="40"
              loading="lazy"
              src="/_next/image?url=%2Fimg.jpg&w=96&q=75"
              srcset="/_next/image?url=%2Fimg.jpg&w=48&q=75 1x, /_next/image?url=%2Fimg.jpg&w=96&q=75 2x"
              style="color: transparent;"
              width="40"
            />
          </form>
        </dialog>
        <figcaption
          class="figCaption"
          data-testid="figcaption"
        >
          A basic caption
        </figcaption>
      </figure>
    </div>
  </body>,
  "container": <div>
    <figure
      class="imageFirst  bottomBorder "
    >
      <img
        alt="some alt text"
        class="img  "
        data-nimg="1"
        decoding="async"
        height="40"
        loading="lazy"
        src="/_next/image?url=%2Fimg.jpg&w=96&q=75"
        srcset="/_next/image?url=%2Fimg.jpg&w=48&q=75 1x, /_next/image?url=%2Fimg.jpg&w=96&q=75 2x"
        style="color: transparent;"
        width="40"
      />
      <dialog
        class="dialog"
        data-testid="dialog"
      >
        <form
          method="dialog"
        >
          <button
            class="dialogClose"
            type="submit"
          >
            <svg
              class="dialogCloseButton"
              fill="none"
              height="40"
              viewBox="0 0 40 40"
              width="40"
              xmlns="http://www.w3.org/2000/svg"
            >
              <circle
                cx="20"
                cy="20"
                fill="#333333"
                r="20"
              />
              <path
                d="M19.778 18.364L26.142 12L27.556 13.414L21.192 19.778L27.556 26.142L26.142 27.556L19.778 21.192L13.414 27.556L12 26.142L18.364 19.778L12 13.414L13.414 12L19.778 18.364Z"
                fill="white"
              />
            </svg>
          </button>
          <img
            alt="some alt text"
            class="dialogImage"
            data-nimg="1"
            data-testid="modal-image"
            decoding="async"
            height="40"
            loading="lazy"
            src="/_next/image?url=%2Fimg.jpg&w=96&q=75"
            srcset="/_next/image?url=%2Fimg.jpg&w=48&q=75 1x, /_next/image?url=%2Fimg.jpg&w=96&q=75 2x"
            style="color: transparent;"
            width="40"
          />
        </form>
      </dialog>
      <figcaption
        class="figCaption"
        data-testid="figcaption"
      >
        A basic caption
      </figcaption>
    </figure>
  </div>,
  "debug": [Function],
  "findAllByAltText": [Function],
  "findAllByDisplayValue": [Function],
  "findAllByLabelText": [Function],
  "findAllByPlaceholderText": [Function],
  "findAllByRole": [Function],
  "findAllByTestId": [Function],
  "findAllByText": [Function],
  "findAllByTitle": [Function],
  "findByAltText": [Function],
  "findByDisplayValue": [Function],
  "findByLabelText": [Function],
  "findByPlaceholderText": [Function],
  "findByRole": [Function],
  "findByTestId": [Function],
  "findByText": [Function],
  "findByTitle": [Function],
  "getAllByAltText": [Function],
  "getAllByDisplayValue": [Function],
  "getAllByLabelText": [Function],
  "getAllByPlaceholderText": [Function],
  "getAllByRole": [Function],
  "getAllByTestId": [Function],
  "getAllByText": [Function],
  "getAllByTitle": [Function],
  "getByAltText": [Function],
  "getByDisplayValue": [Function],
  "getByLabelText": [Function],
  "getByPlaceholderText": [Function],
  "getByRole": [Function],
  "getByTestId": [Function],
  "getByText": [Function],
  "getByTitle": [Function],
  "queryAllByAltText": [Function],
  "queryAllByDisplayValue": [Function],
  "queryAllByLabelText": [Function],
  "queryAllByPlaceholderText": [Function],
  "queryAllByRole": [Function],
  "queryAllByTestId": [Function],
  "queryAllByText": [Function],
  "queryAllByTitle": [Function],
  "queryByAltText": [Function],
  "queryByDisplayValue": [Function],
  "queryByLabelText": [Function],
  "queryByPlaceholderText": [Function],
  "queryByRole": [Function],
  "queryByTestId": [Function],
  "queryByText": [Function],
  "queryByTitle": [Function],
  "rerender": [Function],
  "unmount": [Function],
}
`;
