// Jest Snapshot v1, https://goo.gl/fbAQLP

exports[`<Banner /> renders banner unchanged 1`] = `
{
  "asFragment": [Function],
  "baseElement": <body>
    <div>
      <div
        class="banner"
        role="banner"
      >
        <a
          class="gwendyWendell"
          href="/"
        >
          <span
            class="gwendyWrapper"
          >
            <span
              class="gwendy"
            >
              Gwendy 
            </span>
          </span>
          <span
            class="wendellWrapper"
          >
            <span
              class="wendell"
            >
              Wendell
            </span>
          </span>
        </a>
        <a
          class="tcd"
          href="/"
        >
          <sup
            class="the"
          >
            The
          </sup>
          <span
            class="codingWrapper"
          >
            <span
              class="coding"
            >
              Coding
            </span>
             
          </span>
          <span
            class="designerWrapper"
          >
            <span
              class="designer"
            >
              Designer
            </span>
          </span>
        </a>
      </div>
    </div>
  </body>,
  "container": <div>
    <div
      class="banner"
      role="banner"
    >
      <a
        class="gwendyWendell"
        href="/"
      >
        <span
          class="gwendyWrapper"
        >
          <span
            class="gwendy"
          >
            Gwendy 
          </span>
        </span>
        <span
          class="wendellWrapper"
        >
          <span
            class="wendell"
          >
            Wendell
          </span>
        </span>
      </a>
      <a
        class="tcd"
        href="/"
      >
        <sup
          class="the"
        >
          The
        </sup>
        <span
          class="codingWrapper"
        >
          <span
            class="coding"
          >
            Coding
          </span>
           
        </span>
        <span
          class="designerWrapper"
        >
          <span
            class="designer"
          >
            Designer
          </span>
        </span>
      </a>
    </div>
  </div>,
  "debug": [Function],
  "findAllByAltText": [Function],
  "findAllByDisplayValue": [Function],
  "findAllByLabelText": [Function],
  "findAllByPlaceholderText": [Function],
  "findAllByRole": [Function],
  "findAllByTestId": [Function],
  "findAllByText": [Function],
  "findAllByTitle": [Function],
  "findByAltText": [Function],
  "findByDisplayValue": [Function],
  "findByLabelText": [Function],
  "findByPlaceholderText": [Function],
  "findByRole": [Function],
  "findByTestId": [Function],
  "findByText": [Function],
  "findByTitle": [Function],
  "getAllByAltText": [Function],
  "getAllByDisplayValue": [Function],
  "getAllByLabelText": [Function],
  "getAllByPlaceholderText": [Function],
  "getAllByRole": [Function],
  "getAllByTestId": [Function],
  "getAllByText": [Function],
  "getAllByTitle": [Function],
  "getByAltText": [Function],
  "getByDisplayValue": [Function],
  "getByLabelText": [Function],
  "getByPlaceholderText": [Function],
  "getByRole": [Function],
  "getByTestId": [Function],
  "getByText": [Function],
  "getByTitle": [Function],
  "queryAllByAltText": [Function],
  "queryAllByDisplayValue": [Function],
  "queryAllByLabelText": [Function],
  "queryAllByPlaceholderText": [Function],
  "queryAllByRole": [Function],
  "queryAllByTestId": [Function],
  "queryAllByText": [Function],
  "queryAllByTitle": [Function],
  "queryByAltText": [Function],
  "queryByDisplayValue": [Function],
  "queryByLabelText": [Function],
  "queryByPlaceholderText": [Function],
  "queryByRole": [Function],
  "queryByTestId": [Function],
  "queryByText": [Function],
  "queryByTitle": [Function],
  "rerender": [Function],
  "unmount": [Function],
}
`;
